ROUTINE_NAME                                                                                                                     ROUTINE_TYPE                                                 BD
-------------------------------------------------------------------------------------------------------------------------------- ------------------------------------------------------------ -----

(0 row(s) affected)

ROUTINE_NAME                                                                                                                     ROUTINE_TYPE                                                 BD
-------------------------------------------------------------------------------------------------------------------------------- ------------------------------------------------------------ -----------

(0 row(s) affected)

ROUTINE_NAME                                                                                                                     ROUTINE_TYPE                                                 BD
-------------------------------------------------------------------------------------------------------------------------------- ------------------------------------------------------------ ---------------

(0 row(s) affected)

ROUTINE_NAME                                                                                                                     ROUTINE_TYPE                                                 BD
-------------------------------------------------------------------------------------------------------------------------------- ------------------------------------------------------------ -------------

(0 row(s) affected)

ROUTINE_NAME                                                                                                                     ROUTINE_TYPE                                                 BD
-------------------------------------------------------------------------------------------------------------------------------- ------------------------------------------------------------ --------

(0 row(s) affected)

ROUTINE_NAME                                                                                                                     ROUTINE_TYPE                                                 BD
-------------------------------------------------------------------------------------------------------------------------------- ------------------------------------------------------------ ------------

(0 row(s) affected)

ROUTINE_NAME                                                                                                                     ROUTINE_TYPE                                                 BD
-------------------------------------------------------------------------------------------------------------------------------- ------------------------------------------------------------ -------

(0 row(s) affected)

ROUTINE_NAME                                                                                                                     ROUTINE_TYPE                                                 BD
-------------------------------------------------------------------------------------------------------------------------------- ------------------------------------------------------------ -------

(0 row(s) affected)

ROUTINE_NAME                                                                                                                     ROUTINE_TYPE                                                 BD
-------------------------------------------------------------------------------------------------------------------------------- ------------------------------------------------------------ --------------

(0 row(s) affected)

ROUTINE_NAME                                                                                                                     ROUTINE_TYPE                                                 BD
-------------------------------------------------------------------------------------------------------------------------------- ------------------------------------------------------------ ---------------

(0 row(s) affected)

ROUTINE_NAME                                                                                                                     ROUTINE_TYPE                                                 BD
-------------------------------------------------------------------------------------------------------------------------------- ------------------------------------------------------------ -------------

(0 row(s) affected)

ROUTINE_NAME                                                                                                                     ROUTINE_TYPE                                                 BD
-------------------------------------------------------------------------------------------------------------------------------- ------------------------------------------------------------ -------

(0 row(s) affected)

ROUTINE_NAME                                                                                                                     ROUTINE_TYPE                                                 BD
-------------------------------------------------------------------------------------------------------------------------------- ------------------------------------------------------------ -------

(0 row(s) affected)

ROUTINE_NAME                                                                                                                     ROUTINE_TYPE                                                 BD
-------------------------------------------------------------------------------------------------------------------------------- ------------------------------------------------------------ -------

(0 row(s) affected)

ROUTINE_NAME                                                                                                                     ROUTINE_TYPE                                                 BD
-------------------------------------------------------------------------------------------------------------------------------- ------------------------------------------------------------ -------

(0 row(s) affected)

ROUTINE_NAME                                                                                                                     ROUTINE_TYPE                                                 BD
-------------------------------------------------------------------------------------------------------------------------------- ------------------------------------------------------------ -------

(0 row(s) affected)

ROUTINE_NAME                                                                                                                     ROUTINE_TYPE                                                 BD
-------------------------------------------------------------------------------------------------------------------------------- ------------------------------------------------------------ -------

(0 row(s) affected)

ROUTINE_NAME                                                                                                                     ROUTINE_TYPE                                                 BD
-------------------------------------------------------------------------------------------------------------------------------- ------------------------------------------------------------ -------

(0 row(s) affected)

ROUTINE_NAME                                                                                                                     ROUTINE_TYPE                                                 BD
-------------------------------------------------------------------------------------------------------------------------------- ------------------------------------------------------------ -------

(0 row(s) affected)

ROUTINE_NAME                                                                                                                     ROUTINE_TYPE                                                 BD
-------------------------------------------------------------------------------------------------------------------------------- ------------------------------------------------------------ -------

(0 row(s) affected)

ROUTINE_NAME                                                                                                                     ROUTINE_TYPE                                                 BD
-------------------------------------------------------------------------------------------------------------------------------- ------------------------------------------------------------ --------

(0 row(s) affected)

ROUTINE_NAME                                                                                                                     ROUTINE_TYPE                                                 BD
-------------------------------------------------------------------------------------------------------------------------------- ------------------------------------------------------------ -------

(0 row(s) affected)

ROUTINE_NAME                                                                                                                     ROUTINE_TYPE                                                 BD
-------------------------------------------------------------------------------------------------------------------------------- ------------------------------------------------------------ -----------

(0 row(s) affected)

ROUTINE_NAME                                                                                                                     ROUTINE_TYPE                                                 BD
-------------------------------------------------------------------------------------------------------------------------------- ------------------------------------------------------------ -------
NP_TMTRAN_COMI_I01                                                                                                               SQL_STORED_PROCEDURE                                         OFIRECA
NP_TMTRAN_COMI_I01_RTV                                                                                                           SQL_STORED_PROCEDURE                                         OFIRECA
NP_TMTRAN_COMI_U00                                                                                                               SQL_STORED_PROCEDURE                                         OFIRECA

(3 row(s) affected)

ROUTINE_NAME                                                                                                                     ROUTINE_TYPE                                                 BD
-------------------------------------------------------------------------------------------------------------------------------- ------------------------------------------------------------ -------

(0 row(s) affected)

ROUTINE_NAME                                                                                                                     ROUTINE_TYPE                                                 BD
-------------------------------------------------------------------------------------------------------------------------------- ------------------------------------------------------------ --------

(0 row(s) affected)

